// Jest Snapshot v1, https://goo.gl/fbAQLP

exports[`matches a snapshot 1`] = `
<button
  className="change-pw-btn"
  id="change-password-btn"
  type="submit"
>
  Change Password
</button>
`;
